============================= test session starts ==============================
platform linux -- Python 3.10.12, pytest-9.0.2, pluggy-1.6.0 -- /opt/iac/Development/cloud-dog-ai/cloud-dog-ai-platform-standards/packages/backend/platform-jobs/.venv/bin/python
cachedir: .pytest_cache
rootdir: /opt/iac/Development/cloud-dog-ai/cloud-dog-ai-platform-standards/packages/backend/platform-jobs
configfile: pyproject.toml
plugins: asyncio-1.3.0, cov-7.0.0, anyio-4.12.1
asyncio: mode=auto, debug=False, asyncio_default_fixture_loop_scope=None, asyncio_default_test_loop_scope=function
collecting ... collected 77 items

tests/unit/UT1.10_HandlerRegistry/test_handler_registry.py::test_handler_registry_register_get PASSED [  1%]
tests/unit/UT1.11_WorkerEngine/test_worker.py::test_worker_run_once PASSED [  2%]
tests/unit/UT1.11_WorkerEngine/test_worker.py::test_worker_timeout_marks_status PASSED [  3%]
tests/unit/UT1.12_JobContext/test_job_context.py::test_job_context_progress_and_cancel PASSED [  5%]
tests/unit/UT1.13_CooperativeCancellation/test_cancellation.py::test_cooperative_cancellation PASSED [  6%]
tests/unit/UT1.14_PauseResume/test_pause_resume.py::test_pause_resume_controller PASSED [  7%]
tests/unit/UT1.15_Heartbeat/test_heartbeat.py::test_heartbeat_touch PASSED [  9%]
tests/unit/UT1.16_ConcurrencyLimits/test_concurrency.py::test_concurrency_limits_enforced PASSED [ 10%]
tests/unit/UT1.17_PriorityDispatch/test_priority.py::test_priority_ordering_memory_backend PASSED [ 11%]
tests/unit/UT1.18_FairnessPolicy/test_fairness.py::test_dispatcher_with_concurrency_limits PASSED [ 12%]
tests/unit/UT1.19_RetryPolicy/test_retry_policy.py::test_fixed_backoff_non_negative PASSED [ 14%]
tests/unit/UT1.1_QueueBackendInterface/test_backend_interface.py::test_backend_interface_methods_present PASSED [ 15%]
tests/unit/UT1.20_ExponentialBackoff/test_backoff.py::test_exponential_backoff_bounds PASSED [ 16%]
tests/unit/UT1.21_StuckDetection/test_stuck_detection.py::test_stuck_detection PASSED [ 18%]
tests/unit/UT1.22_StuckRecovery/test_stuck_recovery.py::test_stuck_recovery_mark_failed PASSED [ 19%]
tests/unit/UT1.23_TTLExpiry/test_ttl_expiry.py::test_ttl_expiry PASSED   [ 20%]
tests/unit/UT1.24_RetentionPurge/test_retention.py::test_retention_purge PASSED [ 22%]
tests/unit/UT1.25_Idempotency/test_idempotency.py::test_idempotency_returns_existing_job_id PASSED [ 23%]
tests/unit/UT1.26_ProgressTracking/test_progress.py::test_progress_tracking_snapshot PASSED [ 24%]
tests/unit/UT1.27_AdminCRUD/test_admin_crud.py::test_admin_get_cancel_and_status PASSED [ 25%]
tests/unit/UT1.28_AdminBulkOps/test_admin_bulk.py::test_admin_bulk_cancel_loop PASSED [ 27%]
tests/unit/UT1.28_AdminBulkOps/test_admin_bulk.py::test_admin_clear_and_reassign_operations PASSED [ 28%]
tests/unit/UT1.29_CallbackManager/test_callbacks.py::test_callback_trigger_success PASSED [ 29%]
tests/unit/UT1.2_SQLBackend/test_sql_backend.py::test_sql_backend_basic_sqlite PASSED [ 31%]
tests/unit/UT1.30_CallbackRetry/test_callback_retry.py::test_callback_retry_failure PASSED [ 32%]
tests/unit/UT1.31_MCPAsyncAdapter/test_mcp_async.py::test_mcp_adapter_submit_and_result PASSED [ 33%]
tests/unit/UT1.32_FanOut/test_fanout.py::test_fanout_failed_if_any_child_failed PASSED [ 35%]
tests/unit/UT1.33_FanOutAggregation/test_fanout_aggregation.py::test_fanout_succeeds_when_all_children_succeeded PASSED [ 36%]
tests/unit/UT1.34_ConfirmationPoller/test_poller.py::test_confirmation_poller_cutoff PASSED [ 37%]
tests/unit/UT1.35_MaintenanceReaper/test_reaper.py::test_reaper_with_no_jobs PASSED [ 38%]
tests/unit/UT1.35_MaintenanceReaper/test_reaper.py::test_reaper_run_sweep_transitions PASSED [ 40%]
tests/unit/UT1.36_AuditEmitter/test_audit_emitter.py::test_audit_event_emitter_builds_payload PASSED [ 41%]
tests/unit/UT1.36_AuditEmitter/test_audit_emitter.py::test_audit_emitter_records_event PASSED [ 42%]
tests/unit/UT1.36_AuditEmitter/test_audit_emitter.py::test_otel_span_helper_noop_safe PASSED [ 44%]
tests/unit/UT1.37_AuditEventSchema/test_audit_schema.py::test_audit_schema_validation PASSED [ 45%]
tests/unit/UT1.37_AuditEventSchema/test_durable_callback_registry.py::test_register_callback_persists_and_completion_payload_retries PASSED [ 46%]
tests/unit/UT1.37_AuditEventSchema/test_durable_callback_registry.py::test_register_legacy_api_still_works PASSED [ 48%]
tests/unit/UT1.38_ErrorTaxonomy/test_errors.py::test_error_taxonomy_types PASSED [ 49%]
tests/unit/UT1.38_ErrorTaxonomy/test_fanout_pattern.py::test_create_fan_out_and_aggregate_status PASSED [ 50%]
tests/unit/UT1.38_ErrorTaxonomy/test_fanout_pattern.py::test_cancel_parent_and_children PASSED [ 51%]
tests/unit/UT1.39_PayloadValidation/test_fallback_policies.py::test_retry_action_sets_retry_wait PASSED [ 53%]
tests/unit/UT1.39_PayloadValidation/test_fallback_policies.py::test_dead_letter_action_enqueues_dlq_job PASSED [ 54%]
tests/unit/UT1.39_PayloadValidation/test_fallback_policies.py::test_notify_and_ignore_actions PASSED [ 55%]
tests/unit/UT1.39_PayloadValidation/test_payload_validation.py::test_payload_validation_limits PASSED [ 57%]
tests/unit/UT1.39_PayloadValidation/test_payload_validation.py::test_callback_url_validation PASSED [ 58%]
tests/unit/UT1.3_RedisBackend/test_redis_backend.py::test_redis_backend_constructs_without_connecting FAILED [ 59%]
tests/unit/UT1.40_ScheduledJobs/test_domain_state_extension_v2.py::test_register_state_extension_and_validate_transitions PASSED [ 61%]
tests/unit/UT1.40_ScheduledJobs/test_domain_state_extension_v2.py::test_multiple_job_types_get_independent_extensions PASSED [ 62%]
tests/unit/UT1.40_ScheduledJobs/test_domain_state_extension_v2.py::test_invalid_custom_transition_source_rejected PASSED [ 63%]
tests/unit/UT1.40_ScheduledJobs/test_scheduled.py::test_scheduled_to_running_transition PASSED [ 64%]
tests/unit/UT1.41_MCPJobAdapter/test_mcp_job_tools.py::test_create_job_tools_returns_expected_definitions_and_handlers PASSED [ 66%]
tests/unit/UT1.41_MCPJobAdapter/test_mcp_job_tools.py::test_error_mapping_uses_mcp_shape PASSED [ 67%]
tests/unit/UT1.41_MCPJobAdapter/test_mcp_job_tools.py::test_mcp_validation_and_secret_helpers_delegate_to_security_layer PASSED [ 68%]
tests/unit/UT1.4_HybridBackend/test_hybrid_backend.py::test_hybrid_backend_enqueue FAILED [ 70%]
tests/unit/UT1.5_MemoryBackend/test_memory_backend.py::test_memory_backend_submit_and_claim PASSED [ 71%]
tests/unit/UT1.6_JobModel/test_job_model.py::test_job_model_from_request PASSED [ 72%]
tests/unit/UT1.7_StateMachine/test_state_machine.py::test_state_machine_transitions PASSED [ 74%]
tests/unit/UT1.8_StateTransitions/test_transitions.py::test_invalid_transition_raises PASSED [ 75%]
tests/unit/UT1.9_DomainStateExtensions/test_domain_states.py::test_custom_domain_state_transition PASSED [ 76%]
tests/unit/UT_B1_ResourcePool/test_resource_pool.py::test_job_request_resources_field PASSED [ 77%]
tests/unit/UT_B1_ResourcePool/test_resource_pool.py::test_resource_pool_limits_enforcement PASSED [ 79%]
tests/unit/UT_B1_ResourcePool/test_resource_pool.py::test_concurrency_per_type_limit PASSED [ 80%]
tests/unit/UT_B1_ResourcePool/test_resource_pool.py::test_resource_released_on_complete PASSED [ 81%]
tests/unit/UT_B1_ResourcePool/test_resource_pool.py::test_resource_released_on_failure PASSED [ 83%]
tests/unit/UT_B1_ResourcePool/test_resource_pool.py::test_resource_released_on_cancel PASSED [ 84%]
tests/unit/UT_B1_ResourcePool/test_resource_pool.py::test_resource_utilisation_report PASSED [ 85%]
tests/unit/UT_B1_ResourcePool/test_resource_pool.py::test_dispatcher_respects_resource_pool PASSED [ 87%]
tests/unit/UT_B1_ResourcePool/test_resource_pool.py::test_dispatcher_release_frees_slots PASSED [ 88%]
tests/unit/UT_B1_ResourcePool/test_resource_pool.py::test_job_without_resources_always_eligible PASSED [ 89%]
tests/unit/UT_B1_ResourcePool/test_worker_resource_enforcement.py::test_conformance_resource_pool_memory_backend PASSED [ 90%]
tests/unit/UT_B1_ResourcePool/test_worker_resource_enforcement.py::test_worker_releases_resource_on_success PASSED [ 92%]
tests/unit/UT_B1_ResourcePool/test_worker_resource_enforcement.py::test_worker_releases_resource_on_failure PASSED [ 93%]
tests/unit/UT_B1_ResourcePool/test_worker_resource_enforcement.py::test_worker_releases_resource_on_timeout PASSED [ 94%]
tests/unit/UT_B1_ResourcePool/test_worker_resource_enforcement.py::test_worker_enforces_resource_limit PASSED [ 96%]
tests/unit/UT_B1_ResourcePool/test_worker_resource_enforcement.py::test_worker_without_resource_pool_behaves_normally PASSED [ 97%]
tests/unit/UT_B1_ResourcePool/test_worker_resource_enforcement.py::test_config_resource_pool_settings PASSED [ 98%]
tests/unit/UT_B1_ResourcePool/test_worker_resource_enforcement.py::test_config_defaults_no_resource_pool PASSED [100%]

=================================== FAILURES ===================================
_______________ test_redis_backend_constructs_without_connecting _______________
tests/unit/UT1.3_RedisBackend/test_redis_backend.py:19: in test_redis_backend_constructs_without_connecting
    backend = RedisQueueBackend("redis://localhost:6379/0", key_prefix="cloud_dog_ai_ut")
E   TypeError: Can't instantiate abstract class RedisQueueBackend with abstract methods record_attempt, store_result, update_progress
_________________________ test_hybrid_backend_enqueue __________________________
tests/unit/UT1.4_HybridBackend/test_hybrid_backend.py:58: in test_hybrid_backend_enqueue
    hybrid = HybridQueueBackend(redis_stub, sql_stub)
E   TypeError: Can't instantiate abstract class HybridQueueBackend with abstract methods record_attempt, store_result, update_progress
=========================== short test summary info ============================
FAILED tests/unit/UT1.3_RedisBackend/test_redis_backend.py::test_redis_backend_constructs_without_connecting
FAILED tests/unit/UT1.4_HybridBackend/test_hybrid_backend.py::test_hybrid_backend_enqueue
========================= 2 failed, 75 passed in 6.45s =========================
