============================= test session starts ==============================
platform linux -- Python 3.10.12, pytest-9.0.2, pluggy-1.6.0 -- /opt/iac/Development/cloud-dog-ai/cloud-dog-ai-platform-standards/packages/backend/platform-jobs/.venv/bin/python
cachedir: .pytest_cache
rootdir: /opt/iac/Development/cloud-dog-ai/cloud-dog-ai-platform-standards/packages/backend/platform-jobs
configfile: pyproject.toml
plugins: asyncio-1.3.0, cov-7.0.0, anyio-4.12.1
asyncio: mode=auto, debug=False, asyncio_default_fixture_loop_scope=None, asyncio_default_test_loop_scope=function
collecting ... collected 18 items

tests/unit/UT_B1_ResourcePool/test_resource_pool.py::test_job_request_resources_field PASSED [  5%]
tests/unit/UT_B1_ResourcePool/test_resource_pool.py::test_resource_pool_limits_enforcement PASSED [ 11%]
tests/unit/UT_B1_ResourcePool/test_resource_pool.py::test_concurrency_per_type_limit PASSED [ 16%]
tests/unit/UT_B1_ResourcePool/test_resource_pool.py::test_resource_released_on_complete PASSED [ 22%]
tests/unit/UT_B1_ResourcePool/test_resource_pool.py::test_resource_released_on_failure PASSED [ 27%]
tests/unit/UT_B1_ResourcePool/test_resource_pool.py::test_resource_released_on_cancel PASSED [ 33%]
tests/unit/UT_B1_ResourcePool/test_resource_pool.py::test_resource_utilisation_report PASSED [ 38%]
tests/unit/UT_B1_ResourcePool/test_resource_pool.py::test_dispatcher_respects_resource_pool PASSED [ 44%]
tests/unit/UT_B1_ResourcePool/test_resource_pool.py::test_dispatcher_release_frees_slots PASSED [ 50%]
tests/unit/UT_B1_ResourcePool/test_resource_pool.py::test_job_without_resources_always_eligible PASSED [ 55%]
tests/unit/UT_B1_ResourcePool/test_worker_resource_enforcement.py::test_conformance_resource_pool_memory_backend PASSED [ 61%]
tests/unit/UT_B1_ResourcePool/test_worker_resource_enforcement.py::test_worker_releases_resource_on_success PASSED [ 66%]
tests/unit/UT_B1_ResourcePool/test_worker_resource_enforcement.py::test_worker_releases_resource_on_failure PASSED [ 72%]
tests/unit/UT_B1_ResourcePool/test_worker_resource_enforcement.py::test_worker_releases_resource_on_timeout PASSED [ 77%]
tests/unit/UT_B1_ResourcePool/test_worker_resource_enforcement.py::test_worker_enforces_resource_limit PASSED [ 83%]
tests/unit/UT_B1_ResourcePool/test_worker_resource_enforcement.py::test_worker_without_resource_pool_behaves_normally PASSED [ 88%]
tests/unit/UT_B1_ResourcePool/test_worker_resource_enforcement.py::test_config_resource_pool_settings PASSED [ 94%]
tests/unit/UT_B1_ResourcePool/test_worker_resource_enforcement.py::test_config_defaults_no_resource_pool PASSED [100%]

============================== 18 passed in 6.14s ==============================
